python : C:\Users\LE
NOVO\AppData\Roaming
\Python\Python313\si
te-packages\pydantic
\_internal\_config.p
y:373: UserWarning: 
Valid config keys 
have changed in V2:
At line:1 char:1
+ python 
backend/main.py > ba
ckend/error_log.txt 
2>&1
+ ~~~~~~~~~~~~~~~~~~
~~~~~~~~~~~~~~~~~~~~
~~~~~~~~~~~~~
    + CategoryInfo  
            : NotS  
  pecified: (C:\U   
 sers\LENOVO...     
changed in V2::    
String) [], Rem    
oteException
    + FullyQualifie 
   dErrorId : Nati  
  veCommandError
 
* 'orm_mode' has 
been renamed to 
'from_attributes'
  warnings.warn(mess
age, UserWarning)
Traceback (most 
recent call last):
  File "C:\Users\LEN
OVO\OneDrive\Desktop
\Ayursutra\backend\m
ain.py", line 19, 
in <module>
    from schemas 
import (
    ...<16 lines>...
    )
ImportError: cannot 
import name 
'AIChatResponse' 
from 'schemas' (C:\U
sers\LENOVO\OneDrive
\Desktop\Ayursutra\b
ackend\schemas.py). 
Did you mean: 
'AIHealthResponse'?
